Testing OpenSky API with username: eshwaran-api-client
Fetching current flight states...
node.exe : Γ¥î FAILED: 
Could not connect to 
OpenSky.
At line:1 char:1
+ & "C:\Program 
Files\nodejs/node.exe" 
"C:\Program 
Files\nodejs/node_mo ...
+ ~~~~~~~~~~~~~~~~~~~~~~~~~~
~~~~~~~~~~~~~~~~~~~~~~~~~~~~
~~~~~~~~~~~~~~~
    + CategoryInfo          
    : NotSpecified: (Γ¥î F  
  AILED: Cou...ect to Ope   
 nSky.:String) [], Remot    
eException
    + FullyQualifiedErrorId 
    : NativeCommandError
 
Status: 401
Message: {"timestamp":176927
4837629,"status":401,"error"
:"Unauthorized","message":"U
nauthorized","path":"/states
/all"}
≡ƒæë Solution: 
Unauthorized. Please check 
if your OPENSKY_USERNAME 
and OPENSKY_PASSWORD are 
correct.
